[western.edu/student-life/lead/inter-club-council/index.html]
[backblue.gif]
[fade.gif]
[index.html]
[western.edu/wp-content/uploads/2020/07/LEAD.jpg]
[western.edu/wp-content/plugins/wp-google-search/wgs2.css]
[western.edu/wp-content/plugins/wp-google-search/wgs3.css]
[western.edu/wp-includes/css/dist/block-library/style.min.css]
[western.edu/wp-content/plugins/column-shortcodes/assets/css/shortcodes.css]
[western.edu/wp-includes/js/mediaelement/mediaelementplayer-legacy.min.css]
[western.edu/wp-includes/js/mediaelement/wp-mediaelement.min.css]
[western.edu/wp-includes/js/jquery/jquery.min.js]
[western.edu/wp-content/themes/wcu/dist/css/stylea69d.css]
[western.edu/wp-includes/js/jquery/jquery-migrate.min.js]
[connect.facebook.net/en_US/fbevents.js]
[sc-static.net/scevent.min.js]
[western.edu/wp-content/uploads/2020/05/cropped-WCU_Icon-32x32.png]
[western.edu/wp-content/uploads/2020/05/cropped-WCU_Icon-192x192.png]
[western.edu/wp-content/uploads/2020/05/cropped-WCU_Icon-180x180.png]
[western.edu/student-life/lead/inter-club-council/'https_/western.edu/wp-content/uploads/2020/07/LEAD-1200x664.jpg']
[western.edu/wp-content/uploads/2023/12/I32A9699.jpg]
[western.edu/wp-content/uploads/2020/06/tour.jpg]
[western.edu/wp-content/uploads/2020/06/campus-profile-4.jpg]
[western.edu/wp-content/uploads/2020/06/apply-hero-6.jpg]
[western.edu/wp-content/themes/wcu/assets/img/logo-white.png]
[western.edu/student-life/lead/inter-club-council/event-planning-checklist/index.html]
[western.edu/wp-content/themes/wcu/assets/img/western-colorado-university-site-icon.png]
[siteimproveanalytics.com/js/siteanalyze_66357811.js]
[western.edu/wp-content/plugins/wp-google-search/assets/js/google_cse_v2.js]
[western.edu/wp-includes/js/mediaelement/mediaelement-and-player.min.js]
[western.edu/wp-includes/js/mediaelement/mediaelement-migrate.min.js]
[western.edu/wp-includes/js/mediaelement/wp-mediaelement.min.js]
[western.edu/student-life/lead/inter-club-council/index.html]
[western.edu/wp-content/plugins/wp-google-search/wgs2.css]
[western.edu/wp-content/plugins/wp-google-search/wgs3.css]
[western.edu/wp-includes/css/dist/block-library/style.min.css]
[western.edu/wp-content/plugins/column-shortcodes/assets/css/shortcodes.css]
[western.edu/wp-content/themes/wcu/dist/js/scripts.js]
[western.edu/wp-includes/js/mediaelement/mediaelementplayer-legacy.min.css]
[western.edu/wp-includes/js/mediaelement/wp-mediaelement.min.css]
[western.edu/wp-includes/js/mediaelement/mejs-controls.svg]
[western.edu/wp-content/themes/wcu/assets/img/western-logo-bg.jpg]
[western.edu/wp-content/themes/wcu/dist/css/stylea69d.css]
[www.googletagmanager.com/gtm5445.html]
[western.edu/student-life/lead/inter-club-council/a]
[western.edu/student-life/lead/inter-club-council/POST]
[western.edu/student-life/lead/inter-club-council/b.resolvedLink]
[western.edu/student-life/lead/inter-club-council/schema.org/index.html]
[western.edu/signals/iwl.js]
[connect.facebook.net/en_US/fbevents.js]
[western.edu/student-life/lead/inter-club-council/'https_/western.edu/wp-content/uploads/2020/07/LEAD-1200x664.html]
[western.edu/student-life/lead/inter-club-council/emergency-contact/index.html]
[western.edu/student-life/lead/inter-club-council/event-planning-checklist/'https_/western.edu/wp-content/uploads/2020/07/LEAD-1200x664.jpg']
[western.edu/student-life/lead/inter-club-council/event-planning-checklist/index.html]
[western.edu/wp-includes/js/mediaelement/mejs-controls.svg]
[western.edu/student-life/lead/inter-club-council/a.html]
[western.edu/student-life/lead/inter-club-council/POST.html]
[western.edu/student-life/lead/inter-club-council/schema.org/index.html]
[western.edu/student-life/lead/inter-club-council/b.html]
[western.edu/signals/iwl.html]
[western.edu/student-life/lead/inter-club-council/event-planning-checklist/'https_/western.edu/wp-content/uploads/2020/07/LEAD-1200x664.html]
